{smcl}
{txt}{sf}{ul off}{.-}
      name:  {res}<unnamed>
       {txt}log:  {res}C:\Users\racunalnica\Documents\Econometric2\Exc1.smcl
  {txt}log type:  {res}smcl
 {txt}opened on:  {res}28 Feb 2018, 08:41:54
{txt}
{com}. 
{txt}end of do-file

{com}. do "C:\Users\RACUNA~1\AppData\Local\Temp\STD06000000.tmp"
{txt}
{com}. query mem
{txt}{hline}
    Memory settings
{col 9}{help maxvar:set maxvar}{col 29}{res}5000{txt}{col 40}2048-32767; max. vars allowed
{col 9}{help matsize:set matsize}{col 29}{res}400{txt}{col 40}10-11000; max. # vars in models
{col 9}{help memory:set niceness}{col 29}{res}5{txt}{col 40}0-10
{col 9}{help memory:set min_memory}{col 29}{res}0{txt}{col 40}0-1600g
{col 9}{help memory:set max_memory}{col 29}{res}.{txt}{col 40}32m-1600g or .
{col 9}{help memory:set segmentsize}{col 29}{res}32m{txt}{col 40}1m-32g

{com}. 
{txt}end of do-file

{com}. do "C:\Users\RACUNA~1\AppData\Local\Temp\STD06000000.tmp"
{txt}
{com}. set matsize 500
{txt}
{com}. set maxvar 4000

{txt}
{com}. query mem
{txt}{hline}
    Memory settings
{col 9}{help maxvar:set maxvar}{col 29}{res}4000{txt}{col 40}2048-32767; max. vars allowed
{col 9}{help matsize:set matsize}{col 29}{res}500{txt}{col 40}10-11000; max. # vars in models
{col 9}{help memory:set niceness}{col 29}{res}5{txt}{col 40}0-10
{col 9}{help memory:set min_memory}{col 29}{res}0{txt}{col 40}0-1600g
{col 9}{help memory:set max_memory}{col 29}{res}.{txt}{col 40}32m-1600g or .
{col 9}{help memory:set segmentsize}{col 29}{res}32m{txt}{col 40}1m-32g

{com}. 
{txt}end of do-file

{com}. do "C:\Users\RACUNA~1\AppData\Local\Temp\STD06000000.tmp"
{txt}
{com}. set matsize 400, perm
{txt}({cmd:set matsize} preference recorded)

{com}. 
{txt}end of do-file

{com}. do "C:\Users\RACUNA~1\AppData\Local\Temp\STD06000000.tmp"
{txt}
{com}. use "$path\mus03data.dta", clear
{err}{p 0 4 2}
file C:\Users\racunalnica\Documents\Econometric2\mus03data.dta
not found
{p_end}
{txt}{search r(601):r(601);}

end of do-file

{search r(601):r(601);}

{com}. do "C:\Users\RACUNA~1\AppData\Local\Temp\STD06000000.tmp"
{txt}
{com}. use "$path\mus03data5.dta", clear
{txt}
{com}. 
{txt}end of do-file

{com}. do "C:\Users\RACUNA~1\AppData\Local\Temp\STD06000000.tmp"
{txt}
{com}. insheet using "$path\test.csv", delimiter(;) clear
{err}{p 0 4 2}
file C:\Users\racunalnica\Documents\Econometric2\test.csv
not found
{p_end}
{txt}{search r(601):r(601);}

end of do-file

{search r(601):r(601);}

{com}. do "C:\Users\RACUNA~1\AppData\Local\Temp\STD06000000.tmp"
{txt}
{com}. insheet using "$path\test3.csv", delimiter(;) clear
{txt}(3 vars, 2 obs)

{com}. 
{txt}end of do-file

{com}. do "C:\Users\RACUNA~1\AppData\Local\Temp\STD06000000.tmp"
{txt}
{com}.  infile year grade str20 name using "$path\test.txt", clear
{err}{p 0 4 2}
file C:\Users\racunalnica\Documents\Econometric2\test.txt
not found
{p_end}
{txt}{search r(601):r(601);}

end of do-file

{search r(601):r(601);}

{com}. do "C:\Users\RACUNA~1\AppData\Local\Temp\STD06000000.tmp"
{txt}
{com}.  infile year grade str20 name using "$path\test3.txt", clear
{err}{p 0 4 2}
file C:\Users\racunalnica\Documents\Econometric2\test3.txt
not found
{p_end}
{txt}{search r(601):r(601);}

end of do-file

{search r(601):r(601);}

{com}. do "C:\Users\RACUNA~1\AppData\Local\Temp\STD06000000.tmp"
{txt}
{com}.  infile year grade str20 name using "$path\test13.txt", clear
{txt}(2 observations read)

{com}. 
{txt}end of do-file

{com}. do "C:\Users\RACUNA~1\AppData\Local\Temp\STD06000000.tmp"
{txt}
{com}. clear
{txt}
{com}. set obs 100
{txt}obs was 0, now 100

{com}. 
{txt}end of do-file

{com}. do "C:\Users\RACUNA~1\AppData\Local\Temp\STD06000000.tmp"
{txt}
{com}. generate x = uniform()
{txt}
{com}. 
{txt}end of do-file

{com}. do "C:\Users\RACUNA~1\AppData\Local\Temp\STD06000000.tmp"
{txt}
{com}. g we ="nbld"
{txt}
{com}. 
{txt}end of do-file

{com}. d x

              {txt}storage   display    value
variable name   type    format     label      variable label
{hline}
{p 0 48}{res}{bind:x              }{txt}{bind: float   }{bind:{txt}%9.0g     }{space 1}{bind:         }{bind:  }{res}{res}{p_end}

{com}. s x
{err}unrecognized command:  s
{txt}{search r(199):r(199);}

{com}. sum x

{txt}    Variable {c |}       Obs        Mean    Std. Dev.       Min        Max
{hline 13}{c +}{hline 56}
{space 11}x {c |}{res}       100    .4730786    .2831816   .0369273   .9763668

{com}. graph dot (mean) x
{res}
{com}. histogram x
{txt}(bin={res}10{txt}, start={res}.03692731{txt}, width={res}.09394394{txt})
{res}
{com}. do "C:\Users\RACUNA~1\AppData\Local\Temp\STD06000000.tmp"
{txt}
{com}. drop we
{txt}
{com}. 
{txt}end of do-file

{com}. do "C:\Users\RACUNA~1\AppData\Local\Temp\STD06000000.tmp"
{txt}
{com}. use "$path\mus03data.dta", clear
{err}{p 0 4 2}
file C:\Users\racunalnica\Documents\Econometric2\mus03data.dta
not found
{p_end}
{txt}{search r(601):r(601);}

end of do-file

{search r(601):r(601);}

{com}. do "C:\Users\RACUNA~1\AppData\Local\Temp\STD06000000.tmp"
{txt}
{com}. ******************
. ** Global Macro **
. ******************
. global path "C:\Users\racunalnica\Documents\Econometric2"
{txt}
{com}. 
. * Menu can be usful
. 
. ********************
. ** Basic Settings **
. ********************
. 
. * In order to save results, you should start logging"
. log using "$path\Exc1.smcl", replace
{err}log file already open
{txt}{search r(604):r(604);}

end of do-file

{search r(604):r(604);}

{com}. do "C:\Users\RACUNA~1\AppData\Local\Temp\STD06000000.tmp"
{txt}
{com}. use "$path\mus03data5.dta", clear
{txt}
{com}. 
{txt}end of do-file

{com}. log close
      {txt}name:  {res}<unnamed>
       {txt}log:  {res}C:\Users\racunalnica\Documents\Econometric2\Exc1.smcl
  {txt}log type:  {res}smcl
 {txt}closed on:  {res}28 Feb 2018, 08:56:28
{txt}{.-}
{smcl}
{txt}{sf}{ul off}